bflibrary ver 0.1.3.0 (standard release)
LOG CREATED  @ 18:21:28  19-06-2026

Sync: Application: syndwarsfx ver 0.3.8.0 (standard release)
Sync: SWFX: GetDirectoryHdd: Dir with HDD data '.'
Sync: SWFX: GetDirectoryUser: Dir for user files '.'
Error: Bflib: LbFileOpen: file does not exist: "config.ini"
Error: SWFX: read_conf_file: Could not open installation config file, going with defaults.
Error: Bflib: LbFileOpen: file does not exist: "language//guitext.dat"
Error: SWFX: read_strings_file: Failed checking strings file 'language//guitext.dat', size=-1
Error: Bflib: LbFileOpen: file does not exist: "data/pop2-3.dat"
Error: Bflib: LbDataLoadAll: data/pop2-3.dat: cannot load file
Error: Bflib: LbFileOpen: file does not exist: "data/pop2-3.tab"
Error: Bflib: LbDataLoadAll: data/pop2-3.tab: cannot load file
Error: Bflib: LbFileOpen: file does not exist: "data/mspr-0.dat"
Error: Bflib: LbDataLoadAll: data/mspr-0.dat: cannot load file
Error: Bflib: LbFileOpen: file does not exist: "data/mspr-0.tab"
Error: Bflib: LbDataLoadAll: data/mspr-0.tab: cannot load file
Error: Bflib: LbFileOpen: file does not exist: "data/mele-0.ani"
Error: Bflib: LbDataLoadAll: data/mele-0.ani: cannot load file
Error: Bflib: LbFileOpen: file does not exist: "data/nsta-0.ani"
Error: Bflib: LbDataLoadAll: data/nsta-0.ani: cannot load file
Error: Bflib: LbFileOpen: file does not exist: "data/nfra-0.ani"
Error: Bflib: LbDataLoadAll: data/nfra-0.ani: cannot load file
Error: Bflib: LbFileOpen: file does not exist: "data/fontc0-7.dat"
Error: Bflib: LbDataLoadAll: data/fontc0-7.dat: cannot load file
Error: Bflib: LbFileOpen: file does not exist: "data/fontc0-7.tab"
Error: Bflib: LbDataLoadAll: data/fontc0-7.tab: cannot load file
Error: Bflib: LbFileOpen: file does not exist: "data/pointr0-3.dat"
Error: Bflib: LbDataLoadAll: data/pointr0-3.dat: cannot load file
Error: Bflib: LbFileOpen: file does not exist: "data/pointr0-3.tab"
Error: Bflib: LbDataLoadAll: data/pointr0-3.tab: cannot load file
Error: Bflib: LbFileOpen: file does not exist: "qdata/pal.pal"
Error: Bflib: LbDataLoadAll: qdata/pal.pal: cannot load file
Error: SWFX: game_setup: Initial loading of mission sprite files failed.
Error: Bflib: LbFileOpen: file does not exist: "data/nsta-0.ani"
Error: SWFX: game_setup_stuff: Display palette not set, using dummies
Error: SWFX: game_setup: Setting up some misc stuff failed.
Error: SWFX: create_strings_list: Listing strings found no text entries
Error: SWFX: game_setup: National strings list creation failed.
Error: SWFX: setup_initial_screen_mode: Palette not ready - skipping colour tables setup
Error: SWFX: setup_mouse_pointers: Pointer sprite memory not allocated, skipping
Error: SWFX: mouse_setup: Pointer sprite not allocated, using none
Error: SWFX: load_any_sprites_up_to: Preallocated area for 0 'pop1' sprites is below expected minimum 150
Error: SWFX: load_any_sprites_up_to: Some 'pop1' sprites not loaded, tried detail 1..0
Error: SWFX: setup_host: Load pop sprites failed.
Error: SWFX: load_any_sprites_up_to: Preallocated area for 0 'pointr0' sprites is below expected minimum 10
Error: SWFX: load_any_sprites_up_to: Some 'pointr0' sprites not loaded, tried detail 1..0
Error: SWFX: setup_mouse_pointers: Pointer sprite memory not allocated, skipping
Error: SWFX: setup_host: Load mouse pinters sprites failed.
Error: SWFX: load_any_sprites_up_to: Preallocated area for 0 'fontc0' sprites is below expected minimum 224
Error: SWFX: load_any_sprites_up_to: Some 'fontc0' sprites not loaded, tried detail 0..0
Error: SWFX: setup_host: Load small font sprites failed.
Warning: SWFX: init_memory: Texture maps not allocated; cannor reuse their extra memory
Error: Bflib: LbFileOpen: file does not exist: "sound/music.dat"
Error: SWFX: setup_heaps: Matching sound banks file not found.
Error: SWFX: mouse_setup: Pointer sprite not allocated, using none
Error: Bflib: LbFileOpen: file does not exist: "qdata/demo-10.fli"
Sync: SWFX: read_user_settings: Build-in defaults used, as could not open "qdata/savegame/default.ini" file
Error: Rendr: setup_color_lookups: Display palette not set, skipping
Error: Bflib: LbFileOpen: file does not exist: "qdata/primveh.obj"
Error: Bflib: LbFileOpen: file does not exist: "data/textwalk.dat"
Error: SWFX: game_setup: Part of the game startup has failed. See the log lines above for a cause.
